// Jest Snapshot v1, https://goo.gl/fbAQLP

exports[`should render the correct snapshot 1`] = `
<div
  className="wrapper"
>
  <h1
    className="title"
  >
    Boilerplate
  </h1>
  <p>
    Tag line for app.
  </p>
  <button
    className="btn btn-teal btn-pos"
  >
    Login
  </button>
</div>
`;
